// Jest Snapshot v1, https://goo.gl/fbAQLP

exports[`Favorites Component should render Favorites 1`] = `
<div>
  Choose some favorites
</div>
`;

exports[`Favorites Component should render Favorites with elements 1`] = `
<div>
  <div
    className="card"
  >
    <div
      className="card-image"
    >
      <img
        alt=""
        src="undefined.undefined"
      />
      <a
        className="btn-floating halfway-fab waves-effect waves-light red"
        onClick={[Function]}
      >
        <i
          className="material-icons"
        >
          delete
        </i>
      </a>
    </div>
    <div
      className="card-content"
    >
      <span
        className="card-title"
      >
        name
      </span>
      <p>
        <span
          dangerouslySetInnerHTML={
            Object {
              "__html": "description",
            }
          }
        />
      </p>
    </div>
  </div>
</div>
`;
